// Jest Snapshot v1, https://goo.gl/fbAQLP

exports[`MovieBackdropImage Tests should render and match snapshot 1`] = `
<RNCSafeAreaProvider
  onInsetsChange={[Function]}
  style={
    Array [
      Object {
        "flex": 1,
      },
      undefined,
    ]
  }
>
  <Image
    accessibilityLabel="movie-backdrop-image"
    alt="movie-backdrop-image"
    dataSet={Object {}}
    onError={[Function]}
    path="imagepath.jpg"
    resizeMode="cover"
    source={
      Object {
        "uri": "https://mock-image-api.co.uk/w500/imagepath.jpg",
      }
    }
    style={
      Object {
        "height": 224,
        "maxWidth": "100%",
        "width": "100%",
      }
    }
    testID="TEST_IMAGE_imagepath.jpg"
  />
</RNCSafeAreaProvider>
`;
