// Jest Snapshot v1, https://goo.gl/fbAQLP

exports[`WaitSpinner Tests should render the spinner if props is visible and match snapshot 1`] = `
<RNCSafeAreaProvider
  onInsetsChange={[Function]}
  style={
    Array [
      Object {
        "flex": 1,
      },
      undefined,
    ]
  }
>
  <View
    dataSet={Object {}}
    style={
      Array [
        Object {
          "alignItems": "center",
          "display": "flex",
          "flex": 1,
          "justifyContent": "center",
        },
        Object {
          "backgroundColor": "rgba(255, 255, 255, 0.8)",
          "bottom": 0,
          "flex": 1,
          "left": 0,
          "position": "absolute",
          "right": 0,
          "top": 0,
        },
      ]
    }
    testID="WAIT_SPINNER"
  >
    <ActivityIndicator
      accessibilityLabel="loading"
      accessible={true}
      color="#22c55e"
      size="large"
      style={
        Array [
          Array [
            Object {},
            Object {
              "dataSet": Object {},
            },
          ],
          undefined,
        ]
      }
    />
  </View>
</RNCSafeAreaProvider>
`;
